<?xml version="1.0" encoding="utf-8"?>
<notaCredito id="comprobante" version="1.1.0">
  <infoTributaria>
    <ambiente>1</ambiente>
    <tipoEmision>1</tipoEmision>
    <razonSocial>EMPRESA PRUEBA CIA LTDA</razonSocial>
    <nombreComercial>EMPRESA PRUEBA CIA LTDA</nombreComercial>
    <ruc>1792146739001</ruc>
    <claveAcceso>2304202104106110199120110010030000021291173234534</claveAcceso>
    <codDoc>04</codDoc>
    <estab>001</estab>
    <ptoEmi>003</ptoEmi>
    <secuencial>000002129</secuencial>
    <dirMatriz>13 de Abril e Ibarra - Huertos Familiares Azaya</dirMatriz>
  </infoTributaria>
  <infoNotaCredito>
    <fechaEmision>23/04/2021</fechaEmision>
    <dirEstablecimiento>13 de Abril e Ibarra - Huertos Familiares Azaya</dirEstablecimiento>
    <tipoIdentificacionComprador>05</tipoIdentificacionComprador>
    <razonSocialComprador>QUILUMBANGO PERUGACHI HERMINIA INES</razonSocialComprador>
    <identificacionComprador>47-10803393</identificacionComprador>
    <contribuyenteEspecial>393</contribuyenteEspecial>
    <obligadoContabilidad>SI</obligadoContabilidad>
    <codDocModificado>01</codDocModificado>
    <numDocModificado>001-001-000230142</numDocModificado>
    <fechaEmisionDocSustento>20/04/2021</fechaEmisionDocSustento>
    <totalSinImpuestos>8.28</totalSinImpuestos>
    <valorModificacion>8.28</valorModificacion>
    <moneda>DOLAR</moneda>
    <totalConImpuestos>
      <totalImpuesto>
        <codigo>2</codigo>
        <codigoPorcentaje>0</codigoPorcentaje>
        <baseImponible>8.28</baseImponible>
        <valor>0.00</valor>
      </totalImpuesto>
    </totalConImpuestos>
    <motivo>MAL SACADO</motivo>
  </infoNotaCredito>
  <detalles>
    <detalle>
      <codigoInterno>50470</codigoInterno>
      <descripcion>ALCOHOL ANTISEPT FARMANOVA SPRAY 250 ML</descripcion>
      <cantidad>6</cantidad>
      <precioUnitario>1.38</precioUnitario>
      <descuento>0.00</descuento>
      <precioTotalSinImpuesto>8.28</precioTotalSinImpuesto>
      <impuestos>
        <impuesto>
          <codigo>2</codigo>
          <codigoPorcentaje>0</codigoPorcentaje>
          <tarifa>0</tarifa>
          <baseImponible>8.28</baseImponible>
          <valor>0.00</valor>
        </impuesto>
      </impuestos>
    </detalle>
  </detalles>
  <infoAdicional>
    <campoAdicional nombre="Direccion">salinas y santiago</campoAdicional>
    <campoAdicional nombre="TelÃ©fono">042322000</campoAdicional>
    <campoAdicional nombre="Email">rolando.roc@gmail.com</campoAdicional>
  </infoAdicional>
</notaCredito>
